; orbiter.bsp LOG FILE
 
; Created 2026-09-27/17:52:54.00.
;
; BEGIN SPKMERGE COMMANDS
 
LEAPSECONDS_KERNEL   = naif0012.tls
 
SPK_KERNEL           = orbiter.bsp
  LOG_FILE           = orbiter.log
  SOURCE_SPK_KERNEL  = de442.bsp
    INCLUDE_COMMENTS = YES
    BODIES           = 10, 1, 199, 2, 299, 3, 399, 301, 4, 5, 6, 7, 8, 9
    BEGIN_TIME       = 1899 DEC 31 23:59:18.816
    END_TIME         = 2199 DEC 31 23:58:49.816
  SOURCE_SPK_KERNEL  = mar099.bsp
    INCLUDE_COMMENTS = YES
    BODIES           = 499, 401, 402
    BEGIN_TIME       = 1899 DEC 31 23:59:18.816
    END_TIME         = 2199 DEC 31 23:58:49.816
  SOURCE_SPK_KERNEL  = jup365.bsp
    INCLUDE_COMMENTS = YES
    BODIES           = 599, 501, 502, 503, 504, 505
    BEGIN_TIME       = 1899 DEC 31 23:59:18.816
    END_TIME         = 2199 DEC 31 23:58:49.816
  SOURCE_SPK_KERNEL  = jup344.bsp
    INCLUDE_COMMENTS = YES
    BODIES           = 506
    BEGIN_TIME       = 1899 DEC 31 23:59:18.816
    END_TIME         = 2199 DEC 31 23:58:49.816
  SOURCE_SPK_KERNEL  = sat441.bsp
    INCLUDE_COMMENTS = YES
    BODIES           = 699, 601, 602, 603, 604, 605, 606, 607, 608, 609
    BEGIN_TIME       = 1899 DEC 31 23:59:18.816
    END_TIME         = 2199 DEC 31 23:58:49.816
  SOURCE_SPK_KERNEL  = ura182.bsp
    INCLUDE_COMMENTS = YES
    BODIES           = 799, 701, 702, 703, 704, 705
    BEGIN_TIME       = 1899 DEC 31 23:59:18.816
    END_TIME         = 2199 DEC 31 23:58:49.816
  SOURCE_SPK_KERNEL  = nep098_part-1.bsp
    INCLUDE_COMMENTS = YES
    BODIES           = 899, 801, 802
    BEGIN_TIME       = 1899 DEC 31 23:59:18.816
    END_TIME         = 2199 DEC 30 23:58:50.816
  SOURCE_SPK_KERNEL  = nep098_part-3.bsp
    INCLUDE_COMMENTS = YES
    BODIES           = 808
    BEGIN_TIME       = 1899 DEC 31 23:59:18.816
    END_TIME         = 2199 DEC 30 23:58:50.816
  SOURCE_SPK_KERNEL  = plu060.bsp
    INCLUDE_COMMENTS = YES
    BODIES           = 999, 901, 902, 903
    BEGIN_TIME       = 1899 DEC 31 23:59:18.816
    END_TIME         = 2199 DEC 29 23:58:50.816
  SOURCE_SPK_KERNEL  = sb441-n16.bsp
    INCLUDE_COMMENTS = YES
    BODIES           = 2000004, 2000001
    BEGIN_TIME       = 1899 DEC 31 23:59:18.816
    END_TIME         = 2199 DEC 31 23:58:49.816
 
; END SPKMERGE COMMANDS
